0 verbose cli C:\Program Files\nodejs\node.exe C:\Users\sicze\AppData\Roaming\npm\node_modules\npm\bin\npm-cli.js
1 info using npm@10.4.0
2 info using node@v21.1.0
3 timing npm:load:whichnode Completed in 1ms
4 timing config:load:defaults Completed in 2ms
5 timing config:load:file:C:\Users\sicze\AppData\Roaming\npm\node_modules\npm\npmrc Completed in 3ms
6 timing config:load:builtin Completed in 3ms
7 timing config:load:cli Completed in 1ms
8 timing config:load:env Completed in 0ms
9 timing config:load:project Completed in 1ms
10 timing config:load:file:C:\Users\sicze\.npmrc Completed in 0ms
11 timing config:load:user Completed in 0ms
12 timing config:load:file:C:\Users\sicze\AppData\Roaming\npm\etc\npmrc Completed in 0ms
13 timing config:load:global Completed in 0ms
14 timing config:load:setEnvs Completed in 1ms
15 timing config:load Completed in 10ms
16 timing npm:load:configload Completed in 10ms
17 timing config:load:flatten Completed in 1ms
18 timing npm:load:mkdirpcache Completed in 1ms
19 timing npm:load:mkdirplogs Completed in 0ms
20 verbose title npm install surge
21 verbose argv "install" "--global" "surge"
22 timing npm:load:setTitle Completed in 1ms
23 timing npm:load:display Completed in 0ms
24 verbose logfile logs-max:10 dir:C:\Users\sicze\OneDrive\Desktop\myCode\browserGrains\UserssiczeAppDataLocalnpm-cache\_logs\2025-07-26T15_52_01_002Z-
25 verbose logfile C:\Users\sicze\OneDrive\Desktop\myCode\browserGrains\UserssiczeAppDataLocalnpm-cache\_logs\2025-07-26T15_52_01_002Z-debug-0.log
26 timing npm:load:logFile Completed in 7ms
27 timing npm:load:timers Completed in 0ms
28 timing npm:load:configScope Completed in 0ms
29 timing npm:load Completed in 51ms
30 timing config:load:flatten Completed in 0ms
31 timing arborist:ctor Completed in 1ms
32 silly logfile done cleaning log files
33 timing idealTree:init Completed in 4ms
34 timing idealTree:userRequests Completed in 1ms
35 silly idealTree buildDeps
36 silly fetch manifest surge@*
37 http fetch GET 200 https://registry.npmjs.org/npm 293ms
38 http fetch GET 200 https://registry.npmjs.org/surge 365ms (cache miss)
39 silly placeDep ROOT surge@0.24.6 OK for:  want: *
40 silly fetch manifest babar@^0.2.0
41 silly fetch manifest cli-table3@0.6.1
42 silly fetch manifest colors@1.4.0
43 silly fetch manifest human-readable-numbers@^0.9.5
44 silly fetch manifest prompts@*
45 silly fetch manifest is-domain@0.0.1
46 silly fetch manifest minimist@1.2.6
47 silly fetch manifest moniker@0.1.2
48 silly fetch manifest netrc@0.1.4
49 silly fetch manifest progress@2.0.3
50 silly fetch manifest read@1.0.5
51 silly fetch manifest request@^2.88.0
52 silly fetch manifest surge-ignore@0.2.0
53 silly fetch manifest surge-sdk@0.6.4
54 silly fetch manifest surge-stream@0.6.4
55 silly fetch manifest url-parse-as-address@1.0.0
56 silly fetch manifest xbytes@^1.7.0
57 http fetch GET 200 https://registry.npmjs.org/cli-table3 64ms (cache miss)
58 http fetch GET 200 https://registry.npmjs.org/human-readable-numbers 139ms (cache miss)
59 http fetch GET 200 https://registry.npmjs.org/prompts 163ms (cache miss)
60 http fetch GET 200 https://registry.npmjs.org/progress 165ms (cache miss)
61 http fetch GET 200 https://registry.npmjs.org/colors 169ms (cache miss)
62 http fetch GET 200 https://registry.npmjs.org/surge-ignore 180ms (cache miss)
63 http fetch GET 200 https://registry.npmjs.org/minimist 193ms (cache miss)
64 http fetch GET 200 https://registry.npmjs.org/url-parse-as-address 202ms (cache miss)
65 http fetch GET 200 https://registry.npmjs.org/netrc 204ms (cache miss)
66 http fetch GET 200 https://registry.npmjs.org/moniker 219ms (cache miss)
67 http fetch GET 200 https://registry.npmjs.org/surge-sdk 219ms (cache miss)
68 http fetch GET 200 https://registry.npmjs.org/is-domain 222ms (cache miss)
69 http fetch GET 200 https://registry.npmjs.org/surge-stream 221ms (cache miss)
70 http fetch GET 200 https://registry.npmjs.org/read 223ms (cache miss)
71 http fetch GET 200 https://registry.npmjs.org/xbytes 225ms (cache miss)
72 http fetch GET 200 https://registry.npmjs.org/request 228ms (cache miss)
73 http fetch GET 200 https://registry.npmjs.org/babar 310ms (cache miss)
74 timing idealTree:#root Completed in 683ms
75 silly placeDep node_modules/surge babar@0.2.3 OK for: surge@0.24.6 want: ^0.2.0
76 silly placeDep node_modules/surge cli-table3@0.6.1 OK for: surge@0.24.6 want: 0.6.1
77 silly placeDep node_modules/surge colors@1.4.0 OK for: surge@0.24.6 want: 1.4.0
78 silly placeDep node_modules/surge human-readable-numbers@0.9.5 OK for: surge@0.24.6 want: ^0.9.5
79 silly placeDep node_modules/surge is-domain@0.0.1 OK for: surge@0.24.6 want: 0.0.1
80 silly placeDep node_modules/surge minimist@1.2.6 OK for: surge@0.24.6 want: 1.2.6
81 silly placeDep node_modules/surge moniker@0.1.2 OK for: surge@0.24.6 want: 0.1.2
82 silly placeDep node_modules/surge netrc@0.1.4 OK for: surge@0.24.6 want: 0.1.4
83 silly placeDep node_modules/surge progress@2.0.3 OK for: surge@0.24.6 want: 2.0.3
84 silly placeDep node_modules/surge prompts@2.4.2 OK for: surge@0.24.6 want: *
85 silly placeDep node_modules/surge read@1.0.5 OK for: surge@0.24.6 want: 1.0.5
86 silly placeDep node_modules/surge request@2.88.2 OK for: surge@0.24.6 want: ^2.88.0
87 silly placeDep node_modules/surge surge-ignore@0.2.0 OK for: surge@0.24.6 want: 0.2.0
88 silly placeDep node_modules/surge surge-sdk@0.6.4 OK for: surge@0.24.6 want: 0.6.4
89 silly placeDep node_modules/surge surge-stream@0.6.4 OK for: surge@0.24.6 want: 0.6.4
90 silly placeDep node_modules/surge url-parse-as-address@1.0.0 OK for: surge@0.24.6 want: 1.0.0
91 silly placeDep node_modules/surge xbytes@1.9.1 OK for: surge@0.24.6 want: ^1.7.0
92 silly fetch manifest colors@~1.4.0
93 silly fetch manifest string-width@^4.2.0
94 silly fetch manifest kleur@^3.0.3
95 silly fetch manifest sisteransi@^1.0.5
96 silly fetch manifest mute-stream@~0.0.4
97 silly fetch manifest qs@~6.5.2
98 silly fetch manifest aws4@^1.8.0
99 silly fetch manifest uuid@^3.3.2
100 silly fetch manifest extend@~3.0.2
101 silly fetch manifest caseless@~0.12.0
102 silly fetch manifest isstream@~0.1.2
103 silly fetch manifest aws-sign2@~0.7.0
104 silly fetch manifest form-data@~2.3.2
105 silly fetch manifest mime-types@~2.1.19
106 silly fetch manifest oauth-sign@~0.9.0
107 silly fetch manifest safe-buffer@^5.1.2
108 silly fetch manifest tough-cookie@~2.5.0
109 silly fetch manifest tunnel-agent@^0.6.0
110 silly fetch manifest forever-agent@~0.6.1
111 silly fetch manifest har-validator@~5.1.3
112 http fetch GET 200 https://registry.npmjs.org/kleur 50ms (cache miss)
113 silly fetch manifest is-typedarray@~1.0.0
114 http fetch GET 200 https://registry.npmjs.org/caseless 81ms (cache miss)
115 silly fetch manifest http-signature@~1.2.0
116 http fetch GET 200 https://registry.npmjs.org/string-width 94ms (cache miss)
117 silly fetch manifest combined-stream@~1.0.6
118 http fetch GET 200 https://registry.npmjs.org/aws-sign2 99ms (cache miss)
119 silly fetch manifest performance-now@^2.1.0
120 http fetch GET 200 https://registry.npmjs.org/oauth-sign 100ms (cache miss)
121 silly fetch manifest json-stringify-safe@~5.0.1
122 http fetch GET 200 https://registry.npmjs.org/isstream 102ms (cache miss)
123 silly fetch manifest axios@1.7.3
124 http fetch GET 200 https://registry.npmjs.org/safe-buffer 106ms (cache miss)
125 http fetch GET 200 https://registry.npmjs.org/mute-stream 107ms (cache miss)
126 silly fetch manifest split@^1.0.1
127 http fetch GET 200 https://registry.npmjs.org/sisteransi 109ms (cache miss)
128 silly fetch manifest surge-fstream-ignore@^1.1.0
129 http fetch GET 200 https://registry.npmjs.org/extend 111ms (cache miss)
130 silly fetch manifest surge-ignore@^0.3.0
131 silly fetch manifest tarr@^1.1.0
132 http fetch GET 200 https://registry.npmjs.org/form-data 118ms (cache miss)
133 http fetch GET 200 https://registry.npmjs.org/aws4 123ms (cache miss)
134 http fetch GET 200 https://registry.npmjs.org/mime-types 123ms (cache miss)
135 http fetch GET 200 https://registry.npmjs.org/tough-cookie 125ms (cache miss)
136 http fetch GET 200 https://registry.npmjs.org/forever-agent 128ms (cache miss)
137 http fetch GET 200 https://registry.npmjs.org/tunnel-agent 131ms (cache miss)
138 http fetch GET 200 https://registry.npmjs.org/qs 135ms (cache miss)
139 http fetch GET 200 https://registry.npmjs.org/uuid 142ms (cache miss)
140 http fetch GET 200 https://registry.npmjs.org/is-typedarray 94ms (cache miss)
141 http fetch GET 200 https://registry.npmjs.org/har-validator 142ms (cache miss)
142 http fetch GET 200 https://registry.npmjs.org/http-signature 66ms (cache miss)
143 http fetch GET 200 https://registry.npmjs.org/split 58ms (cache miss)
144 http fetch GET 200 https://registry.npmjs.org/combined-stream 74ms (cache miss)
145 http fetch GET 200 https://registry.npmjs.org/json-stringify-safe 68ms (cache miss)
146 http fetch GET 200 https://registry.npmjs.org/tarr 70ms (cache miss)
147 http fetch GET 200 https://registry.npmjs.org/axios 78ms (cache miss)
148 http fetch GET 200 https://registry.npmjs.org/surge-fstream-ignore 293ms (cache miss)
149 http fetch GET 200 https://registry.npmjs.org/performance-now 308ms (cache miss)
150 timing idealTree:node_modules/surge Completed in 424ms
151 timing idealTree:node_modules/surge/node_modules/babar Completed in 0ms
152 silly placeDep node_modules/surge string-width@4.2.3 OK for: cli-table3@0.6.1 want: ^4.2.0
153 silly fetch manifest strip-ansi@^6.0.1
154 silly fetch manifest emoji-regex@^8.0.0
155 silly fetch manifest is-fullwidth-code-point@^3.0.0
156 http fetch GET 200 https://registry.npmjs.org/strip-ansi 48ms (cache miss)
157 http fetch GET 200 https://registry.npmjs.org/emoji-regex 54ms (cache miss)
158 http fetch GET 200 https://registry.npmjs.org/is-fullwidth-code-point 56ms (cache miss)
159 timing idealTree:node_modules/surge/node_modules/cli-table3 Completed in 58ms
160 timing idealTree:node_modules/surge/node_modules/colors Completed in 0ms
161 timing idealTree:node_modules/surge/node_modules/human-readable-numbers Completed in 0ms
162 timing idealTree:node_modules/surge/node_modules/is-domain Completed in 0ms
163 timing idealTree:node_modules/surge/node_modules/minimist Completed in 0ms
164 timing idealTree:node_modules/surge/node_modules/moniker Completed in 0ms
165 timing idealTree:node_modules/surge/node_modules/netrc Completed in 0ms
166 timing idealTree:node_modules/surge/node_modules/progress Completed in 0ms
167 silly placeDep node_modules/surge kleur@3.0.3 OK for: prompts@2.4.2 want: ^3.0.3
168 silly placeDep node_modules/surge sisteransi@1.0.5 OK for: prompts@2.4.2 want: ^1.0.5
169 timing idealTree:node_modules/surge/node_modules/prompts Completed in 2ms
170 timing idealTree:node_modules/surge/node_modules/kleur Completed in 0ms
171 silly placeDep node_modules/surge mute-stream@0.0.8 OK for: read@1.0.5 want: ~0.0.4
172 timing idealTree:node_modules/surge/node_modules/read Completed in 0ms
173 timing idealTree:node_modules/surge/node_modules/mute-stream Completed in 0ms
174 silly placeDep node_modules/surge aws-sign2@0.7.0 OK for: request@2.88.2 want: ~0.7.0
175 silly placeDep node_modules/surge aws4@1.13.2 OK for: request@2.88.2 want: ^1.8.0
176 silly placeDep node_modules/surge caseless@0.12.0 OK for: request@2.88.2 want: ~0.12.0
177 silly placeDep node_modules/surge combined-stream@1.0.8 OK for: request@2.88.2 want: ~1.0.6
178 silly placeDep node_modules/surge extend@3.0.2 OK for: request@2.88.2 want: ~3.0.2
179 silly placeDep node_modules/surge forever-agent@0.6.1 OK for: request@2.88.2 want: ~0.6.1
180 silly placeDep node_modules/surge form-data@2.3.3 OK for: request@2.88.2 want: ~2.3.2
181 silly placeDep node_modules/surge har-validator@5.1.5 OK for: request@2.88.2 want: ~5.1.3
182 silly placeDep node_modules/surge http-signature@1.2.0 OK for: request@2.88.2 want: ~1.2.0
183 silly placeDep node_modules/surge is-typedarray@1.0.0 OK for: request@2.88.2 want: ~1.0.0
184 silly placeDep node_modules/surge isstream@0.1.2 OK for: request@2.88.2 want: ~0.1.2
185 silly placeDep node_modules/surge json-stringify-safe@5.0.1 OK for: request@2.88.2 want: ~5.0.1
186 silly placeDep node_modules/surge mime-types@2.1.35 OK for: request@2.88.2 want: ~2.1.19
187 silly placeDep node_modules/surge oauth-sign@0.9.0 OK for: request@2.88.2 want: ~0.9.0
188 silly placeDep node_modules/surge performance-now@2.1.0 OK for: request@2.88.2 want: ^2.1.0
189 silly placeDep node_modules/surge qs@6.5.3 OK for: request@2.88.2 want: ~6.5.2
190 silly placeDep node_modules/surge safe-buffer@5.2.1 OK for: request@2.88.2 want: ^5.1.2
191 silly placeDep node_modules/surge tough-cookie@2.5.0 OK for: request@2.88.2 want: ~2.5.0
192 silly placeDep node_modules/surge tunnel-agent@0.6.0 OK for: request@2.88.2 want: ^0.6.0
193 silly placeDep node_modules/surge uuid@3.4.0 OK for: request@2.88.2 want: ^3.3.2
194 silly fetch manifest delayed-stream@~1.0.0
195 silly fetch manifest asynckit@^0.4.0
196 silly fetch manifest mime-types@^2.1.12
197 silly fetch manifest ajv@^6.12.3
198 silly fetch manifest har-schema@^2.0.0
199 silly fetch manifest sshpk@^1.7.0
200 silly fetch manifest jsprim@^1.2.2
201 silly fetch manifest assert-plus@^1.0.0
202 silly fetch manifest mime-db@1.52.0
203 silly fetch manifest psl@^1.1.28
204 silly fetch manifest punycode@^2.1.1
205 http fetch GET 200 https://registry.npmjs.org/asynckit 55ms (cache miss)
206 http fetch GET 200 https://registry.npmjs.org/psl 63ms (cache miss)
207 http fetch GET 200 https://registry.npmjs.org/delayed-stream 73ms (cache miss)
208 http fetch GET 200 https://registry.npmjs.org/assert-plus 73ms (cache miss)
209 http fetch GET 200 https://registry.npmjs.org/punycode 80ms (cache miss)
210 http fetch GET 200 https://registry.npmjs.org/sshpk 81ms (cache miss)
211 http fetch GET 200 https://registry.npmjs.org/mime-db 83ms (cache miss)
212 http fetch GET 200 https://registry.npmjs.org/jsprim 88ms (cache miss)
213 http fetch GET 200 https://registry.npmjs.org/har-schema 89ms (cache miss)
214 http fetch GET 200 https://registry.npmjs.org/ajv 104ms (cache miss)
215 timing idealTree:node_modules/surge/node_modules/request Completed in 123ms
216 timing idealTree:node_modules/surge/node_modules/aws-sign2 Completed in 0ms
217 timing idealTree:node_modules/surge/node_modules/aws4 Completed in 0ms
218 timing idealTree:node_modules/surge/node_modules/caseless Completed in 0ms
219 silly placeDep node_modules/surge delayed-stream@1.0.0 OK for: combined-stream@1.0.8 want: ~1.0.0
220 timing idealTree:node_modules/surge/node_modules/combined-stream Completed in 1ms
221 timing idealTree:node_modules/surge/node_modules/delayed-stream Completed in 0ms
222 timing idealTree:node_modules/surge/node_modules/extend Completed in 0ms
223 timing idealTree:node_modules/surge/node_modules/forever-agent Completed in 0ms
224 silly placeDep node_modules/surge asynckit@0.4.0 OK for: form-data@2.3.3 want: ^0.4.0
225 timing idealTree:node_modules/surge/node_modules/form-data Completed in 1ms
226 timing idealTree:node_modules/surge/node_modules/asynckit Completed in 0ms
227 silly placeDep node_modules/surge ajv@6.12.6 OK for: har-validator@5.1.5 want: ^6.12.3
228 silly placeDep node_modules/surge har-schema@2.0.0 OK for: har-validator@5.1.5 want: ^2.0.0
229 silly fetch manifest uri-js@^4.2.2
230 silly fetch manifest fast-deep-equal@^3.1.1
231 silly fetch manifest json-schema-traverse@^0.4.1
232 silly fetch manifest fast-json-stable-stringify@^2.0.0
233 http fetch GET 200 https://registry.npmjs.org/fast-json-stable-stringify 53ms (cache miss)
234 http fetch GET 200 https://registry.npmjs.org/uri-js 56ms (cache miss)
235 http fetch GET 200 https://registry.npmjs.org/fast-deep-equal 58ms (cache miss)
236 http fetch GET 200 https://registry.npmjs.org/json-schema-traverse 74ms (cache miss)
237 timing idealTree:node_modules/surge/node_modules/har-validator Completed in 75ms
238 silly placeDep node_modules/surge fast-deep-equal@3.1.3 OK for: ajv@6.12.6 want: ^3.1.1
239 silly placeDep node_modules/surge fast-json-stable-stringify@2.1.0 OK for: ajv@6.12.6 want: ^2.0.0
240 silly placeDep node_modules/surge json-schema-traverse@0.4.1 OK for: ajv@6.12.6 want: ^0.4.1
241 silly placeDep node_modules/surge uri-js@4.4.1 OK for: ajv@6.12.6 want: ^4.2.2
242 silly fetch manifest punycode@^2.1.0
243 timing idealTree:node_modules/surge/node_modules/ajv Completed in 3ms
244 timing idealTree:node_modules/surge/node_modules/fast-deep-equal Completed in 0ms
245 timing idealTree:node_modules/surge/node_modules/fast-json-stable-stringify Completed in 0ms
246 timing idealTree:node_modules/surge/node_modules/har-schema Completed in 0ms
247 silly placeDep node_modules/surge assert-plus@1.0.0 OK for: http-signature@1.2.0 want: ^1.0.0
248 silly placeDep node_modules/surge jsprim@1.4.2 OK for: http-signature@1.2.0 want: ^1.2.2
249 silly placeDep node_modules/surge sshpk@1.18.0 OK for: http-signature@1.2.0 want: ^1.7.0
250 silly fetch manifest verror@1.10.0
251 silly fetch manifest extsprintf@1.3.0
252 silly fetch manifest json-schema@0.4.0
253 silly fetch manifest asn1@~0.2.3
254 silly fetch manifest jsbn@~0.1.0
255 silly fetch manifest getpass@^0.1.1
256 silly fetch manifest dashdash@^1.12.0
257 silly fetch manifest ecc-jsbn@~0.1.1
258 silly fetch manifest tweetnacl@~0.14.0
259 silly fetch manifest bcrypt-pbkdf@^1.0.0
260 silly fetch manifest safer-buffer@^2.0.2
261 http fetch GET 200 https://registry.npmjs.org/asn1 55ms (cache miss)
262 http fetch GET 200 https://registry.npmjs.org/extsprintf 56ms (cache miss)
263 http fetch GET 200 https://registry.npmjs.org/jsbn 58ms (cache miss)
264 http fetch GET 200 https://registry.npmjs.org/verror 59ms (cache miss)
265 http fetch GET 200 https://registry.npmjs.org/safer-buffer 62ms (cache miss)
266 http fetch GET 200 https://registry.npmjs.org/ecc-jsbn 70ms (cache miss)
267 http fetch GET 200 https://registry.npmjs.org/getpass 75ms (cache miss)
268 http fetch GET 200 https://registry.npmjs.org/bcrypt-pbkdf 74ms (cache miss)
269 http fetch GET 200 https://registry.npmjs.org/json-schema 78ms (cache miss)
270 http fetch GET 200 https://registry.npmjs.org/dashdash 79ms (cache miss)
271 http fetch GET 200 https://registry.npmjs.org/tweetnacl 91ms (cache miss)
272 timing idealTree:node_modules/surge/node_modules/http-signature Completed in 96ms
273 timing idealTree:node_modules/surge/node_modules/assert-plus Completed in 1ms
274 timing idealTree:node_modules/surge/node_modules/is-typedarray Completed in 0ms
275 timing idealTree:node_modules/surge/node_modules/isstream Completed in 0ms
276 timing idealTree:node_modules/surge/node_modules/json-schema-traverse Completed in 0ms
277 timing idealTree:node_modules/surge/node_modules/json-stringify-safe Completed in 0ms
278 silly placeDep node_modules/surge extsprintf@1.3.0 OK for: jsprim@1.4.2 want: 1.3.0
279 silly placeDep node_modules/surge json-schema@0.4.0 OK for: jsprim@1.4.2 want: 0.4.0
280 silly placeDep node_modules/surge verror@1.10.0 OK for: jsprim@1.4.2 want: 1.10.0
281 silly fetch manifest core-util-is@1.0.2
282 http fetch GET 200 https://registry.npmjs.org/core-util-is 41ms (cache miss)
283 timing idealTree:node_modules/surge/node_modules/jsprim Completed in 44ms
284 timing idealTree:node_modules/surge/node_modules/extsprintf Completed in 0ms
285 timing idealTree:node_modules/surge/node_modules/json-schema Completed in 0ms
286 silly placeDep node_modules/surge mime-db@1.52.0 OK for: mime-types@2.1.35 want: 1.52.0
287 timing idealTree:node_modules/surge/node_modules/mime-types Completed in 0ms
288 timing idealTree:node_modules/surge/node_modules/mime-db Completed in 0ms
289 timing idealTree:node_modules/surge/node_modules/oauth-sign Completed in 0ms
290 timing idealTree:node_modules/surge/node_modules/performance-now Completed in 0ms
291 timing idealTree:node_modules/surge/node_modules/qs Completed in 0ms
292 timing idealTree:node_modules/surge/node_modules/safe-buffer Completed in 0ms
293 timing idealTree:node_modules/surge/node_modules/sisteransi Completed in 0ms
294 silly placeDep node_modules/surge asn1@0.2.6 OK for: sshpk@1.18.0 want: ~0.2.3
295 silly placeDep node_modules/surge bcrypt-pbkdf@1.0.2 OK for: sshpk@1.18.0 want: ^1.0.0
296 silly placeDep node_modules/surge dashdash@1.14.1 OK for: sshpk@1.18.0 want: ^1.12.0
297 silly placeDep node_modules/surge ecc-jsbn@0.1.2 OK for: sshpk@1.18.0 want: ~0.1.1
298 silly placeDep node_modules/surge getpass@0.1.7 OK for: sshpk@1.18.0 want: ^0.1.1
299 silly placeDep node_modules/surge jsbn@0.1.1 OK for: sshpk@1.18.0 want: ~0.1.0
300 silly placeDep node_modules/surge safer-buffer@2.1.2 OK for: sshpk@1.18.0 want: ^2.0.2
301 silly placeDep node_modules/surge tweetnacl@0.14.5 OK for: sshpk@1.18.0 want: ~0.14.0
302 silly fetch manifest safer-buffer@~2.1.0
303 silly fetch manifest tweetnacl@^0.14.3
304 silly fetch manifest safer-buffer@^2.1.0
305 timing idealTree:node_modules/surge/node_modules/sshpk Completed in 6ms
306 timing idealTree:node_modules/surge/node_modules/asn1 Completed in 0ms
307 timing idealTree:node_modules/surge/node_modules/bcrypt-pbkdf Completed in 0ms
308 timing idealTree:node_modules/surge/node_modules/dashdash Completed in 0ms
309 timing idealTree:node_modules/surge/node_modules/ecc-jsbn Completed in 0ms
310 timing idealTree:node_modules/surge/node_modules/getpass Completed in 0ms
311 timing idealTree:node_modules/surge/node_modules/jsbn Completed in 0ms
312 timing idealTree:node_modules/surge/node_modules/safer-buffer Completed in 0ms
313 silly placeDep node_modules/surge emoji-regex@8.0.0 OK for: string-width@4.2.3 want: ^8.0.0
314 silly placeDep node_modules/surge is-fullwidth-code-point@3.0.0 OK for: string-width@4.2.3 want: ^3.0.0
315 silly placeDep node_modules/surge strip-ansi@6.0.1 OK for: string-width@4.2.3 want: ^6.0.1
316 silly fetch manifest ansi-regex@^5.0.1
317 http fetch GET 200 https://registry.npmjs.org/ansi-regex 46ms (cache miss)
318 timing idealTree:node_modules/surge/node_modules/string-width Completed in 49ms
319 timing idealTree:node_modules/surge/node_modules/emoji-regex Completed in 0ms
320 timing idealTree:node_modules/surge/node_modules/is-fullwidth-code-point Completed in 0ms
321 silly placeDep node_modules/surge ansi-regex@5.0.1 OK for: strip-ansi@6.0.1 want: ^5.0.1
322 timing idealTree:node_modules/surge/node_modules/strip-ansi Completed in 1ms
323 timing idealTree:node_modules/surge/node_modules/ansi-regex Completed in 0ms
324 timing idealTree:node_modules/surge/node_modules/surge-ignore Completed in 0ms
325 silly placeDep node_modules/surge axios@1.7.3 OK for: surge-sdk@0.6.4 want: 1.7.3
326 silly fetch manifest form-data@^4.0.0
327 silly fetch manifest proxy-from-env@^1.1.0
328 silly fetch manifest follow-redirects@^1.15.6
329 http fetch GET 200 https://registry.npmjs.org/follow-redirects 61ms (cache miss)
330 http fetch GET 200 https://registry.npmjs.org/proxy-from-env 83ms (cache miss)
331 timing idealTree:node_modules/surge/node_modules/surge-sdk Completed in 85ms
332 silly placeDep node_modules/surge follow-redirects@1.15.9 OK for: axios@1.7.3 want: ^1.15.6
333 silly placeDep node_modules/surge/node_modules/axios form-data@4.0.4 OK for: axios@1.7.3 want: ^4.0.0
334 silly placeDep node_modules/surge proxy-from-env@1.1.0 OK for: axios@1.7.3 want: ^1.1.0
335 silly fetch manifest hasown@^2.0.2
336 silly fetch manifest es-set-tostringtag@^2.1.0
337 http fetch GET 200 https://registry.npmjs.org/es-set-tostringtag 50ms (cache miss)
338 http fetch GET 200 https://registry.npmjs.org/hasown 61ms (cache miss)
339 timing idealTree:node_modules/surge/node_modules/axios Completed in 65ms
340 timing idealTree:node_modules/surge/node_modules/follow-redirects Completed in 0ms
341 timing idealTree:node_modules/surge/node_modules/proxy-from-env Completed in 0ms
342 silly placeDep node_modules/surge split@1.0.1 OK for: surge-stream@0.6.4 want: ^1.0.1
343 silly placeDep node_modules/surge surge-fstream-ignore@1.1.0 OK for: surge-stream@0.6.4 want: ^1.1.0
344 silly placeDep node_modules/surge/node_modules/surge-stream surge-ignore@0.3.0 OK for: surge-stream@0.6.4 want: ^0.3.0
345 silly placeDep node_modules/surge tarr@1.1.0 OK for: surge-stream@0.6.4 want: ^1.1.0
346 silly fetch manifest through@2
347 silly fetch manifest fstream@1.0.12
348 silly fetch manifest inherits@2.0.4
349 silly fetch manifest minimatch@7.4.6
350 silly fetch manifest block-stream@*
351 silly fetch manifest fstream@>=1.0.12
352 silly fetch manifest inherits@2
353 http fetch GET 200 https://registry.npmjs.org/through 54ms (cache miss)
354 http fetch GET 200 https://registry.npmjs.org/inherits 55ms (cache miss)
355 http fetch GET 200 https://registry.npmjs.org/inherits 60ms (cache miss)
356 http fetch GET 200 https://registry.npmjs.org/fstream 63ms (cache miss)
357 http fetch GET 200 https://registry.npmjs.org/fstream 65ms (cache miss)
358 http fetch GET 200 https://registry.npmjs.org/minimatch 73ms (cache miss)
359 http fetch GET 200 https://registry.npmjs.org/block-stream 77ms (cache miss)
360 timing idealTree:node_modules/surge/node_modules/surge-stream Completed in 80ms
361 silly placeDep node_modules/surge through@2.3.8 OK for: split@1.0.1 want: 2
362 timing idealTree:node_modules/surge/node_modules/split Completed in 0ms
363 silly placeDep node_modules/surge fstream@1.0.12 OK for: surge-fstream-ignore@1.1.0 want: 1.0.12
364 silly placeDep node_modules/surge inherits@2.0.4 OK for: surge-fstream-ignore@1.1.0 want: 2.0.4
365 silly placeDep node_modules/surge minimatch@7.4.6 OK for: surge-fstream-ignore@1.1.0 want: 7.4.6
366 silly fetch manifest mkdirp@>=0.5 0
367 silly fetch manifest rimraf@2
368 silly fetch manifest inherits@~2.0.0
369 silly fetch manifest graceful-fs@^4.1.2
370 silly fetch manifest brace-expansion@^2.0.1
371 http fetch GET 200 https://registry.npmjs.org/graceful-fs 54ms (cache miss)
372 http fetch GET 200 https://registry.npmjs.org/brace-expansion 60ms (cache miss)
373 http fetch GET 200 https://registry.npmjs.org/mkdirp 71ms (cache miss)
374 http fetch GET 200 https://registry.npmjs.org/rimraf 80ms (cache miss)
375 timing idealTree:node_modules/surge/node_modules/surge-fstream-ignore Completed in 86ms
376 silly placeDep node_modules/surge graceful-fs@4.2.11 OK for: fstream@1.0.12 want: ^4.1.2
377 silly placeDep node_modules/surge mkdirp@0.5.6 OK for: fstream@1.0.12 want: >=0.5 0
378 silly placeDep node_modules/surge rimraf@2.7.1 OK for: fstream@1.0.12 want: 2
379 silly fetch manifest glob@^7.1.3
380 http fetch GET 200 https://registry.npmjs.org/glob 57ms (cache miss)
381 timing idealTree:node_modules/surge/node_modules/fstream Completed in 63ms
382 timing idealTree:node_modules/surge/node_modules/graceful-fs Completed in 0ms
383 timing idealTree:node_modules/surge/node_modules/inherits Completed in 0ms
384 silly placeDep node_modules/surge brace-expansion@2.0.2 OK for: minimatch@7.4.6 want: ^2.0.1
385 silly fetch manifest balanced-match@^1.0.0
386 http fetch GET 200 https://registry.npmjs.org/balanced-match 64ms (cache miss)
387 timing idealTree:node_modules/surge/node_modules/minimatch Completed in 66ms
388 silly placeDep node_modules/surge balanced-match@1.0.2 OK for: brace-expansion@2.0.2 want: ^1.0.0
389 timing idealTree:node_modules/surge/node_modules/brace-expansion Completed in 1ms
390 timing idealTree:node_modules/surge/node_modules/balanced-match Completed in 0ms
391 timing idealTree:node_modules/surge/node_modules/mkdirp Completed in 0ms
392 silly placeDep node_modules/surge glob@7.2.3 OK for: rimraf@2.7.1 want: ^7.1.3
393 silly fetch manifest once@^1.3.0
394 silly fetch manifest inflight@^1.0.4
395 silly fetch manifest minimatch@^3.1.1
396 silly fetch manifest fs.realpath@^1.0.0
397 silly fetch manifest path-is-absolute@^1.0.0
398 http fetch GET 200 https://registry.npmjs.org/inflight 44ms (cache miss)
399 http fetch GET 200 https://registry.npmjs.org/once 46ms (cache miss)
400 http fetch GET 200 https://registry.npmjs.org/path-is-absolute 55ms (cache miss)
401 http fetch GET 200 https://registry.npmjs.org/fs.realpath 59ms (cache miss)
402 timing idealTree:node_modules/surge/node_modules/rimraf Completed in 62ms
403 silly placeDep node_modules/surge fs.realpath@1.0.0 OK for: glob@7.2.3 want: ^1.0.0
404 silly placeDep node_modules/surge inflight@1.0.6 OK for: glob@7.2.3 want: ^1.0.4
405 silly placeDep node_modules/surge/node_modules/glob minimatch@3.1.2 OK for: glob@7.2.3 want: ^3.1.1
406 silly placeDep node_modules/surge once@1.4.0 OK for: glob@7.2.3 want: ^1.3.0
407 silly placeDep node_modules/surge path-is-absolute@1.0.1 OK for: glob@7.2.3 want: ^1.0.0
408 silly fetch manifest wrappy@1
409 silly fetch manifest brace-expansion@^1.1.7
410 http fetch GET 200 https://registry.npmjs.org/wrappy 50ms (cache miss)
411 timing idealTree:node_modules/surge/node_modules/glob Completed in 54ms
412 timing idealTree:node_modules/surge/node_modules/fs.realpath Completed in 0ms
413 silly placeDep node_modules/surge wrappy@1.0.2 OK for: inflight@1.0.6 want: 1
414 timing idealTree:node_modules/surge/node_modules/inflight Completed in 1ms
415 timing idealTree:node_modules/surge/node_modules/once Completed in 0ms
416 timing idealTree:node_modules/surge/node_modules/path-is-absolute Completed in 0ms
417 silly placeDep node_modules/surge block-stream@0.0.9 OK for: tarr@1.1.0 want: *
418 timing idealTree:node_modules/surge/node_modules/tarr Completed in 1ms
419 timing idealTree:node_modules/surge/node_modules/block-stream Completed in 0ms
420 timing idealTree:node_modules/surge/node_modules/through Completed in 0ms
421 silly placeDep node_modules/surge psl@1.15.0 OK for: tough-cookie@2.5.0 want: ^1.1.28
422 silly placeDep node_modules/surge punycode@2.3.1 OK for: tough-cookie@2.5.0 want: ^2.1.1
423 silly fetch manifest punycode@^2.3.1
424 timing idealTree:node_modules/surge/node_modules/tough-cookie Completed in 2ms
425 timing idealTree:node_modules/surge/node_modules/psl Completed in 0ms
426 timing idealTree:node_modules/surge/node_modules/punycode Completed in 0ms
427 timing idealTree:node_modules/surge/node_modules/tunnel-agent Completed in 0ms
428 timing idealTree:node_modules/surge/node_modules/tweetnacl Completed in 0ms
429 timing idealTree:node_modules/surge/node_modules/uri-js Completed in 0ms
430 timing idealTree:node_modules/surge/node_modules/url-parse-as-address Completed in 0ms
431 timing idealTree:node_modules/surge/node_modules/uuid Completed in 0ms
432 silly placeDep node_modules/surge core-util-is@1.0.2 OK for: verror@1.10.0 want: 1.0.2
433 timing idealTree:node_modules/surge/node_modules/verror Completed in 1ms
434 timing idealTree:node_modules/surge/node_modules/core-util-is Completed in 0ms
435 timing idealTree:node_modules/surge/node_modules/wrappy Completed in 0ms
436 timing idealTree:node_modules/surge/node_modules/xbytes Completed in 0ms
437 silly placeDep node_modules/surge es-set-tostringtag@2.1.0 OK for: form-data@4.0.4 want: ^2.1.0
438 silly placeDep node_modules/surge hasown@2.0.2 OK for: form-data@4.0.4 want: ^2.0.2
439 silly fetch manifest es-errors@^1.3.0
440 silly fetch manifest get-intrinsic@^1.2.6
441 silly fetch manifest has-tostringtag@^1.0.2
442 silly fetch manifest function-bind@^1.1.2
443 http fetch GET 200 https://registry.npmjs.org/es-errors 65ms (cache miss)
444 http fetch GET 200 https://registry.npmjs.org/function-bind 68ms (cache miss)
445 http fetch GET 200 https://registry.npmjs.org/has-tostringtag 70ms (cache miss)
446 http fetch GET 200 https://registry.npmjs.org/get-intrinsic 73ms (cache miss)
447 timing idealTree:node_modules/surge/node_modules/axios/node_modules/form-data Completed in 75ms
448 silly placeDep node_modules/surge es-errors@1.3.0 OK for: es-set-tostringtag@2.1.0 want: ^1.3.0
449 silly placeDep node_modules/surge get-intrinsic@1.3.0 OK for: es-set-tostringtag@2.1.0 want: ^1.2.6
450 silly placeDep node_modules/surge has-tostringtag@1.0.2 OK for: es-set-tostringtag@2.1.0 want: ^1.0.2
451 silly fetch manifest call-bind-apply-helpers@^1.0.2
452 silly fetch manifest es-define-property@^1.0.1
453 silly fetch manifest es-object-atoms@^1.1.1
454 silly fetch manifest get-proto@^1.0.1
455 silly fetch manifest gopd@^1.2.0
456 silly fetch manifest has-symbols@^1.1.0
457 silly fetch manifest math-intrinsics@^1.1.0
458 silly fetch manifest has-symbols@^1.0.3
459 http fetch GET 200 https://registry.npmjs.org/has-symbols 56ms (cache miss)
460 http fetch GET 200 https://registry.npmjs.org/call-bind-apply-helpers 63ms (cache miss)
461 http fetch GET 200 https://registry.npmjs.org/gopd 64ms (cache miss)
462 http fetch GET 200 https://registry.npmjs.org/get-proto 67ms (cache miss)
463 http fetch GET 200 https://registry.npmjs.org/has-symbols 69ms (cache miss)
464 http fetch GET 200 https://registry.npmjs.org/math-intrinsics 70ms (cache miss)
465 http fetch GET 200 https://registry.npmjs.org/es-object-atoms 71ms (cache miss)
466 http fetch GET 200 https://registry.npmjs.org/es-define-property 95ms (cache miss)
467 timing idealTree:node_modules/surge/node_modules/es-set-tostringtag Completed in 97ms
468 timing idealTree:node_modules/surge/node_modules/es-errors Completed in 0ms
469 silly placeDep node_modules/surge call-bind-apply-helpers@1.0.2 OK for: get-intrinsic@1.3.0 want: ^1.0.2
470 silly placeDep node_modules/surge es-define-property@1.0.1 OK for: get-intrinsic@1.3.0 want: ^1.0.1
471 silly placeDep node_modules/surge es-object-atoms@1.1.1 OK for: get-intrinsic@1.3.0 want: ^1.1.1
472 silly placeDep node_modules/surge function-bind@1.1.2 OK for: get-intrinsic@1.3.0 want: ^1.1.2
473 silly placeDep node_modules/surge get-proto@1.0.1 OK for: get-intrinsic@1.3.0 want: ^1.0.1
474 silly placeDep node_modules/surge gopd@1.2.0 OK for: get-intrinsic@1.3.0 want: ^1.2.0
475 silly placeDep node_modules/surge has-symbols@1.1.0 OK for: get-intrinsic@1.3.0 want: ^1.1.0
476 silly placeDep node_modules/surge math-intrinsics@1.1.0 OK for: get-intrinsic@1.3.0 want: ^1.1.0
477 silly fetch manifest dunder-proto@^1.0.1
478 http fetch GET 200 https://registry.npmjs.org/dunder-proto 51ms (cache miss)
479 timing idealTree:node_modules/surge/node_modules/get-intrinsic Completed in 57ms
480 timing idealTree:node_modules/surge/node_modules/call-bind-apply-helpers Completed in 0ms
481 timing idealTree:node_modules/surge/node_modules/es-define-property Completed in 0ms
482 timing idealTree:node_modules/surge/node_modules/es-object-atoms Completed in 0ms
483 timing idealTree:node_modules/surge/node_modules/function-bind Completed in 0ms
484 silly placeDep node_modules/surge dunder-proto@1.0.1 OK for: get-proto@1.0.1 want: ^1.0.1
485 timing idealTree:node_modules/surge/node_modules/get-proto Completed in 2ms
486 timing idealTree:node_modules/surge/node_modules/dunder-proto Completed in 0ms
487 timing idealTree:node_modules/surge/node_modules/gopd Completed in 0ms
488 timing idealTree:node_modules/surge/node_modules/has-symbols Completed in 0ms
489 timing idealTree:node_modules/surge/node_modules/has-tostringtag Completed in 0ms
490 timing idealTree:node_modules/surge/node_modules/hasown Completed in 0ms
491 timing idealTree:node_modules/surge/node_modules/math-intrinsics Completed in 0ms
492 silly placeDep node_modules/surge/node_modules/glob brace-expansion@1.1.12 OK for: minimatch@3.1.2 want: ^1.1.7
493 silly fetch manifest concat-map@0.0.1
494 http fetch GET 200 https://registry.npmjs.org/concat-map 67ms (cache miss)
495 timing idealTree:node_modules/surge/node_modules/glob/node_modules/minimatch Completed in 68ms
496 silly placeDep node_modules/surge concat-map@0.0.1 OK for: brace-expansion@1.1.12 want: 0.0.1
497 timing idealTree:node_modules/surge/node_modules/glob/node_modules/brace-expansion Completed in 1ms
498 timing idealTree:node_modules/surge/node_modules/concat-map Completed in 0ms
499 timing idealTree:node_modules/surge/node_modules/surge-stream/node_modules/surge-ignore Completed in 0ms
500 timing idealTree:buildDeps Completed in 2437ms
501 timing idealTree:fixDepFlags Completed in 1ms
502 timing idealTree Completed in 2445ms
503 timing reify:loadTrees Completed in 2447ms
504 timing reify:diffTrees Completed in 2ms
505 silly reify moves {}
506 timing reify:retireShallow Completed in 1ms
507 timing reify:createSparse Completed in 43ms
508 timing reify:loadBundles Completed in 0ms
509 silly tarball no local data for surge@https://registry.npmjs.org/surge/-/surge-0.24.6.tgz. Extracting by manifest.
510 silly tarball no local data for dunder-proto@https://registry.npmjs.org/dunder-proto/-/dunder-proto-1.0.1.tgz. Extracting by manifest.
511 silly tarball no local data for has-symbols@https://registry.npmjs.org/has-symbols/-/has-symbols-1.1.0.tgz. Extracting by manifest.
512 silly tarball no local data for math-intrinsics@https://registry.npmjs.org/math-intrinsics/-/math-intrinsics-1.1.0.tgz. Extracting by manifest.
513 silly tarball no local data for concat-map@https://registry.npmjs.org/concat-map/-/concat-map-0.0.1.tgz. Extracting by manifest.
514 silly tarball no local data for gopd@https://registry.npmjs.org/gopd/-/gopd-1.2.0.tgz. Extracting by manifest.
515 silly tarball no local data for get-proto@https://registry.npmjs.org/get-proto/-/get-proto-1.0.1.tgz. Extracting by manifest.
516 silly tarball no local data for function-bind@https://registry.npmjs.org/function-bind/-/function-bind-1.1.2.tgz. Extracting by manifest.
517 silly tarball no local data for get-intrinsic@https://registry.npmjs.org/get-intrinsic/-/get-intrinsic-1.3.0.tgz. Extracting by manifest.
518 silly tarball no local data for es-object-atoms@https://registry.npmjs.org/es-object-atoms/-/es-object-atoms-1.1.1.tgz. Extracting by manifest.
519 silly tarball no local data for es-errors@https://registry.npmjs.org/es-errors/-/es-errors-1.3.0.tgz. Extracting by manifest.
520 silly tarball no local data for es-define-property@https://registry.npmjs.org/es-define-property/-/es-define-property-1.0.1.tgz. Extracting by manifest.
521 silly tarball no local data for has-tostringtag@https://registry.npmjs.org/has-tostringtag/-/has-tostringtag-1.0.2.tgz. Extracting by manifest.
522 silly tarball no local data for hasown@https://registry.npmjs.org/hasown/-/hasown-2.0.2.tgz. Extracting by manifest.
523 silly tarball no local data for call-bind-apply-helpers@https://registry.npmjs.org/call-bind-apply-helpers/-/call-bind-apply-helpers-1.0.2.tgz. Extracting by manifest.
524 silly tarball no local data for core-util-is@https://registry.npmjs.org/core-util-is/-/core-util-is-1.0.2.tgz. Extracting by manifest.
525 silly tarball no local data for es-set-tostringtag@https://registry.npmjs.org/es-set-tostringtag/-/es-set-tostringtag-2.1.0.tgz. Extracting by manifest.
526 silly tarball no local data for punycode@https://registry.npmjs.org/punycode/-/punycode-2.3.1.tgz. Extracting by manifest.
527 silly tarball no local data for psl@https://registry.npmjs.org/psl/-/psl-1.15.0.tgz. Extracting by manifest.
528 silly tarball no local data for block-stream@https://registry.npmjs.org/block-stream/-/block-stream-0.0.9.tgz. Extracting by manifest.
529 silly tarball no local data for inflight@https://registry.npmjs.org/inflight/-/inflight-1.0.6.tgz. Extracting by manifest.
530 silly tarball no local data for once@https://registry.npmjs.org/once/-/once-1.4.0.tgz. Extracting by manifest.
531 silly tarball no local data for wrappy@https://registry.npmjs.org/wrappy/-/wrappy-1.0.2.tgz. Extracting by manifest.
532 silly tarball no local data for brace-expansion@https://registry.npmjs.org/brace-expansion/-/brace-expansion-1.1.12.tgz. Extracting by manifest.
533 silly tarball no local data for path-is-absolute@https://registry.npmjs.org/path-is-absolute/-/path-is-absolute-1.0.1.tgz. Extracting by manifest.
534 silly tarball no local data for fs.realpath@https://registry.npmjs.org/fs.realpath/-/fs.realpath-1.0.0.tgz. Extracting by manifest.
535 silly tarball no local data for balanced-match@https://registry.npmjs.org/balanced-match/-/balanced-match-1.0.2.tgz. Extracting by manifest.
536 silly tarball no local data for rimraf@https://registry.npmjs.org/rimraf/-/rimraf-2.7.1.tgz. Extracting by manifest.
537 silly tarball no local data for glob@https://registry.npmjs.org/glob/-/glob-7.2.3.tgz. Extracting by manifest.
538 silly tarball no local data for minimatch@https://registry.npmjs.org/minimatch/-/minimatch-7.4.6.tgz. Extracting by manifest.
539 silly tarball no local data for mkdirp@https://registry.npmjs.org/mkdirp/-/mkdirp-0.5.6.tgz. Extracting by manifest.
540 silly tarball no local data for brace-expansion@https://registry.npmjs.org/brace-expansion/-/brace-expansion-2.0.2.tgz. Extracting by manifest.
541 silly tarball no local data for through@https://registry.npmjs.org/through/-/through-2.3.8.tgz. Extracting by manifest.
542 silly tarball no local data for inherits@https://registry.npmjs.org/inherits/-/inherits-2.0.4.tgz. Extracting by manifest.
543 silly tarball no local data for graceful-fs@https://registry.npmjs.org/graceful-fs/-/graceful-fs-4.2.11.tgz. Extracting by manifest.
544 silly tarball no local data for fstream@https://registry.npmjs.org/fstream/-/fstream-1.0.12.tgz. Extracting by manifest.
545 silly tarball no local data for minimatch@https://registry.npmjs.org/minimatch/-/minimatch-3.1.2.tgz. Extracting by manifest.
546 silly tarball no local data for split@https://registry.npmjs.org/split/-/split-1.0.1.tgz. Extracting by manifest.
547 silly tarball no local data for form-data@https://registry.npmjs.org/form-data/-/form-data-4.0.4.tgz. Extracting by manifest.
548 silly tarball no local data for tarr@https://registry.npmjs.org/tarr/-/tarr-1.1.0.tgz. Extracting by manifest.
549 silly tarball no local data for follow-redirects@https://registry.npmjs.org/follow-redirects/-/follow-redirects-1.15.9.tgz. Extracting by manifest.
550 silly tarball no local data for surge-fstream-ignore@https://registry.npmjs.org/surge-fstream-ignore/-/surge-fstream-ignore-1.1.0.tgz. Extracting by manifest.
551 silly tarball no local data for proxy-from-env@https://registry.npmjs.org/proxy-from-env/-/proxy-from-env-1.1.0.tgz. Extracting by manifest.
552 silly tarball no local data for strip-ansi@https://registry.npmjs.org/strip-ansi/-/strip-ansi-6.0.1.tgz. Extracting by manifest.
553 silly tarball no local data for axios@https://registry.npmjs.org/axios/-/axios-1.7.3.tgz. Extracting by manifest.
554 silly tarball no local data for is-fullwidth-code-point@https://registry.npmjs.org/is-fullwidth-code-point/-/is-fullwidth-code-point-3.0.0.tgz. Extracting by manifest.
555 silly tarball no local data for ansi-regex@https://registry.npmjs.org/ansi-regex/-/ansi-regex-5.0.1.tgz. Extracting by manifest.
556 silly tarball no local data for emoji-regex@https://registry.npmjs.org/emoji-regex/-/emoji-regex-8.0.0.tgz. Extracting by manifest.
557 silly tarball no local data for tweetnacl@https://registry.npmjs.org/tweetnacl/-/tweetnacl-0.14.5.tgz. Extracting by manifest.
558 silly tarball no local data for ecc-jsbn@https://registry.npmjs.org/ecc-jsbn/-/ecc-jsbn-0.1.2.tgz. Extracting by manifest.
559 silly tarball no local data for safer-buffer@https://registry.npmjs.org/safer-buffer/-/safer-buffer-2.1.2.tgz. Extracting by manifest.
560 silly tarball no local data for dashdash@https://registry.npmjs.org/dashdash/-/dashdash-1.14.1.tgz. Extracting by manifest.
561 silly tarball no local data for getpass@https://registry.npmjs.org/getpass/-/getpass-0.1.7.tgz. Extracting by manifest.
562 silly tarball no local data for jsbn@https://registry.npmjs.org/jsbn/-/jsbn-0.1.1.tgz. Extracting by manifest.
563 silly tarball no local data for bcrypt-pbkdf@https://registry.npmjs.org/bcrypt-pbkdf/-/bcrypt-pbkdf-1.0.2.tgz. Extracting by manifest.
564 silly tarball no local data for asn1@https://registry.npmjs.org/asn1/-/asn1-0.2.6.tgz. Extracting by manifest.
565 silly tarball no local data for sshpk@https://registry.npmjs.org/sshpk/-/sshpk-1.18.0.tgz. Extracting by manifest.
566 silly tarball no local data for json-schema@https://registry.npmjs.org/json-schema/-/json-schema-0.4.0.tgz. Extracting by manifest.
567 silly tarball no local data for mime-db@https://registry.npmjs.org/mime-db/-/mime-db-1.52.0.tgz. Extracting by manifest.
568 silly tarball no local data for assert-plus@https://registry.npmjs.org/assert-plus/-/assert-plus-1.0.0.tgz. Extracting by manifest.
569 silly tarball no local data for jsprim@https://registry.npmjs.org/jsprim/-/jsprim-1.4.2.tgz. Extracting by manifest.
570 silly tarball no local data for verror@https://registry.npmjs.org/verror/-/verror-1.10.0.tgz. Extracting by manifest.
571 silly tarball no local data for extsprintf@https://registry.npmjs.org/extsprintf/-/extsprintf-1.3.0.tgz. Extracting by manifest.
572 silly tarball no local data for fast-json-stable-stringify@https://registry.npmjs.org/fast-json-stable-stringify/-/fast-json-stable-stringify-2.1.0.tgz. Extracting by manifest.
573 silly tarball no local data for uri-js@https://registry.npmjs.org/uri-js/-/uri-js-4.4.1.tgz. Extracting by manifest.
574 silly tarball no local data for har-schema@https://registry.npmjs.org/har-schema/-/har-schema-2.0.0.tgz. Extracting by manifest.
575 silly tarball no local data for json-schema-traverse@https://registry.npmjs.org/json-schema-traverse/-/json-schema-traverse-0.4.1.tgz. Extracting by manifest.
576 silly tarball no local data for ajv@https://registry.npmjs.org/ajv/-/ajv-6.12.6.tgz. Extracting by manifest.
577 silly tarball no local data for delayed-stream@https://registry.npmjs.org/delayed-stream/-/delayed-stream-1.0.0.tgz. Extracting by manifest.
578 silly tarball no local data for fast-deep-equal@https://registry.npmjs.org/fast-deep-equal/-/fast-deep-equal-3.1.3.tgz. Extracting by manifest.
579 silly tarball no local data for tough-cookie@https://registry.npmjs.org/tough-cookie/-/tough-cookie-2.5.0.tgz. Extracting by manifest.
580 silly tarball no local data for uuid@https://registry.npmjs.org/uuid/-/uuid-3.4.0.tgz. Extracting by manifest.
581 silly tarball no local data for asynckit@https://registry.npmjs.org/asynckit/-/asynckit-0.4.0.tgz. Extracting by manifest.
582 silly tarball no local data for qs@https://registry.npmjs.org/qs/-/qs-6.5.3.tgz. Extracting by manifest.
583 silly tarball no local data for tunnel-agent@https://registry.npmjs.org/tunnel-agent/-/tunnel-agent-0.6.0.tgz. Extracting by manifest.
584 silly tarball no local data for safe-buffer@https://registry.npmjs.org/safe-buffer/-/safe-buffer-5.2.1.tgz. Extracting by manifest.
585 silly tarball no local data for isstream@https://registry.npmjs.org/isstream/-/isstream-0.1.2.tgz. Extracting by manifest.
586 silly tarball no local data for performance-now@https://registry.npmjs.org/performance-now/-/performance-now-2.1.0.tgz. Extracting by manifest.
587 silly tarball no local data for is-typedarray@https://registry.npmjs.org/is-typedarray/-/is-typedarray-1.0.0.tgz. Extracting by manifest.
588 silly tarball no local data for mime-types@https://registry.npmjs.org/mime-types/-/mime-types-2.1.35.tgz. Extracting by manifest.
589 silly tarball no local data for oauth-sign@https://registry.npmjs.org/oauth-sign/-/oauth-sign-0.9.0.tgz. Extracting by manifest.
590 silly tarball no local data for json-stringify-safe@https://registry.npmjs.org/json-stringify-safe/-/json-stringify-safe-5.0.1.tgz. Extracting by manifest.
591 silly tarball no local data for http-signature@https://registry.npmjs.org/http-signature/-/http-signature-1.2.0.tgz. Extracting by manifest.
592 silly tarball no local data for har-validator@https://registry.npmjs.org/har-validator/-/har-validator-5.1.5.tgz. Extracting by manifest.
593 silly tarball no local data for aws4@https://registry.npmjs.org/aws4/-/aws4-1.13.2.tgz. Extracting by manifest.
594 silly tarball no local data for forever-agent@https://registry.npmjs.org/forever-agent/-/forever-agent-0.6.1.tgz. Extracting by manifest.
595 silly tarball no local data for form-data@https://registry.npmjs.org/form-data/-/form-data-2.3.3.tgz. Extracting by manifest.
596 silly tarball no local data for caseless@https://registry.npmjs.org/caseless/-/caseless-0.12.0.tgz. Extracting by manifest.
597 silly tarball no local data for extend@https://registry.npmjs.org/extend/-/extend-3.0.2.tgz. Extracting by manifest.
598 silly tarball no local data for mute-stream@https://registry.npmjs.org/mute-stream/-/mute-stream-0.0.8.tgz. Extracting by manifest.
599 silly tarball no local data for combined-stream@https://registry.npmjs.org/combined-stream/-/combined-stream-1.0.8.tgz. Extracting by manifest.
600 silly tarball no local data for string-width@https://registry.npmjs.org/string-width/-/string-width-4.2.3.tgz. Extracting by manifest.
601 silly tarball no local data for sisteransi@https://registry.npmjs.org/sisteransi/-/sisteransi-1.0.5.tgz. Extracting by manifest.
602 silly tarball no local data for surge-ignore@https://registry.npmjs.org/surge-ignore/-/surge-ignore-0.3.0.tgz. Extracting by manifest.
603 silly tarball no local data for aws-sign2@https://registry.npmjs.org/aws-sign2/-/aws-sign2-0.7.0.tgz. Extracting by manifest.
604 silly tarball no local data for kleur@https://registry.npmjs.org/kleur/-/kleur-3.0.3.tgz. Extracting by manifest.
605 silly tarball no local data for xbytes@https://registry.npmjs.org/xbytes/-/xbytes-1.9.1.tgz. Extracting by manifest.
606 silly tarball no local data for url-parse-as-address@https://registry.npmjs.org/url-parse-as-address/-/url-parse-as-address-1.0.0.tgz. Extracting by manifest.
607 silly tarball no local data for surge-ignore@https://registry.npmjs.org/surge-ignore/-/surge-ignore-0.2.0.tgz. Extracting by manifest.
608 silly tarball no local data for request@https://registry.npmjs.org/request/-/request-2.88.2.tgz. Extracting by manifest.
609 silly tarball no local data for surge-stream@https://registry.npmjs.org/surge-stream/-/surge-stream-0.6.4.tgz. Extracting by manifest.
610 silly tarball no local data for progress@https://registry.npmjs.org/progress/-/progress-2.0.3.tgz. Extracting by manifest.
611 silly tarball no local data for surge-sdk@https://registry.npmjs.org/surge-sdk/-/surge-sdk-0.6.4.tgz. Extracting by manifest.
612 silly tarball no local data for read@https://registry.npmjs.org/read/-/read-1.0.5.tgz. Extracting by manifest.
613 silly tarball no local data for is-domain@https://registry.npmjs.org/is-domain/-/is-domain-0.0.1.tgz. Extracting by manifest.
614 silly tarball no local data for moniker@https://registry.npmjs.org/moniker/-/moniker-0.1.2.tgz. Extracting by manifest.
615 silly tarball no local data for prompts@https://registry.npmjs.org/prompts/-/prompts-2.4.2.tgz. Extracting by manifest.
616 silly tarball no local data for netrc@https://registry.npmjs.org/netrc/-/netrc-0.1.4.tgz. Extracting by manifest.
617 silly tarball no local data for minimist@https://registry.npmjs.org/minimist/-/minimist-1.2.6.tgz. Extracting by manifest.
618 silly tarball no local data for human-readable-numbers@https://registry.npmjs.org/human-readable-numbers/-/human-readable-numbers-0.9.5.tgz. Extracting by manifest.
619 silly tarball no local data for colors@https://registry.npmjs.org/colors/-/colors-1.4.0.tgz. Extracting by manifest.
620 silly tarball no local data for babar@https://registry.npmjs.org/babar/-/babar-0.2.3.tgz. Extracting by manifest.
621 silly tarball no local data for cli-table3@https://registry.npmjs.org/cli-table3/-/cli-table3-0.6.1.tgz. Extracting by manifest.
622 http fetch GET 200 https://registry.npmjs.org/math-intrinsics/-/math-intrinsics-1.1.0.tgz 131ms (cache miss)
623 http fetch GET 200 https://registry.npmjs.org/function-bind/-/function-bind-1.1.2.tgz 130ms (cache miss)
624 http fetch GET 200 https://registry.npmjs.org/get-proto/-/get-proto-1.0.1.tgz 133ms (cache miss)
625 http fetch GET 200 https://registry.npmjs.org/concat-map/-/concat-map-0.0.1.tgz 135ms (cache miss)
626 http fetch GET 200 https://registry.npmjs.org/hasown/-/hasown-2.0.2.tgz 133ms (cache miss)
627 timing reifyNode:node_modules/surge/node_modules/concat-map Completed in 200ms
628 http fetch GET 200 https://registry.npmjs.org/punycode/-/punycode-2.3.1.tgz 164ms (cache miss)
629 timing reifyNode:node_modules/surge/node_modules/punycode Completed in 216ms
630 http fetch GET 200 https://registry.npmjs.org/get-intrinsic/-/get-intrinsic-1.3.0.tgz 180ms (cache miss)
631 http fetch GET 200 https://registry.npmjs.org/core-util-is/-/core-util-is-1.0.2.tgz 180ms (cache miss)
632 http fetch GET 200 https://registry.npmjs.org/block-stream/-/block-stream-0.0.9.tgz 184ms (cache miss)
633 timing reifyNode:node_modules/surge/node_modules/get-intrinsic Completed in 223ms
634 http fetch GET 200 https://registry.npmjs.org/balanced-match/-/balanced-match-1.0.2.tgz 183ms (cache miss)
635 timing reifyNode:node_modules/surge/node_modules/hasown Completed in 225ms
636 http fetch GET 200 https://registry.npmjs.org/brace-expansion/-/brace-expansion-1.1.12.tgz 185ms (cache miss)
637 timing reifyNode:node_modules/surge/node_modules/core-util-is Completed in 226ms
638 timing reifyNode:node_modules/surge/node_modules/glob/node_modules/brace-expansion Completed in 226ms
639 http fetch GET 200 https://registry.npmjs.org/once/-/once-1.4.0.tgz 187ms (cache miss)
640 timing reifyNode:node_modules/surge/node_modules/block-stream Completed in 227ms
641 http fetch GET 200 https://registry.npmjs.org/es-define-property/-/es-define-property-1.0.1.tgz 189ms (cache miss)
642 timing reifyNode:node_modules/surge/node_modules/once Completed in 229ms
643 http fetch GET 200 https://registry.npmjs.org/rimraf/-/rimraf-2.7.1.tgz 189ms (cache miss)
644 http fetch GET 200 https://registry.npmjs.org/gopd/-/gopd-1.2.0.tgz 198ms (cache miss)
645 http fetch GET 200 https://registry.npmjs.org/path-is-absolute/-/path-is-absolute-1.0.1.tgz 194ms (cache miss)
646 timing reifyNode:node_modules/surge/node_modules/path-is-absolute Completed in 234ms
647 timing reifyNode:node_modules/surge/node_modules/es-define-property Completed in 235ms
648 http fetch GET 200 https://registry.npmjs.org/inflight/-/inflight-1.0.6.tgz 196ms (cache miss)
649 warn deprecated inflight@1.0.6: This module is not supported, and leaks memory. Do not use it. Check out lru-cache if you want a good and tested way to coalesce async requests by a key value, which is much more comprehensive and powerful.
650 timing reifyNode:node_modules/surge/node_modules/inflight Completed in 236ms
651 http fetch GET 200 https://registry.npmjs.org/fs.realpath/-/fs.realpath-1.0.0.tgz 196ms (cache miss)
652 http fetch GET 200 https://registry.npmjs.org/wrappy/-/wrappy-1.0.2.tgz 199ms (cache miss)
653 timing reifyNode:node_modules/surge/node_modules/wrappy Completed in 239ms
654 timing reifyNode:node_modules/surge/node_modules/balanced-match Completed in 241ms
655 http fetch GET 200 https://registry.npmjs.org/mkdirp/-/mkdirp-0.5.6.tgz 200ms (cache miss)
656 timing reifyNode:node_modules/surge/node_modules/fs.realpath Completed in 242ms
657 timing reifyNode:node_modules/surge/node_modules/gopd Completed in 242ms
658 warn deprecated rimraf@2.7.1: Rimraf versions prior to v4 are no longer supported
659 timing reifyNode:node_modules/surge/node_modules/rimraf Completed in 244ms
660 http fetch GET 200 https://registry.npmjs.org/brace-expansion/-/brace-expansion-2.0.2.tgz 204ms (cache miss)
661 timing reifyNode:node_modules/surge/node_modules/function-bind Completed in 246ms
662 http fetch GET 200 https://registry.npmjs.org/es-set-tostringtag/-/es-set-tostringtag-2.1.0.tgz 211ms (cache miss)
663 http fetch GET 200 https://registry.npmjs.org/glob/-/glob-7.2.3.tgz 210ms (cache miss)
664 timing reifyNode:node_modules/surge/node_modules/brace-expansion Completed in 252ms
665 timing reifyNode:node_modules/surge/node_modules/mkdirp Completed in 254ms
666 timing reifyNode:node_modules/surge/node_modules/es-set-tostringtag Completed in 254ms
667 warn deprecated glob@7.2.3: Glob versions prior to v9 are no longer supported
668 timing reifyNode:node_modules/surge/node_modules/glob Completed in 257ms
669 http fetch GET 200 https://registry.npmjs.org/dunder-proto/-/dunder-proto-1.0.1.tgz 223ms (cache miss)
670 timing reifyNode:node_modules/surge/node_modules/get-proto Completed in 266ms
671 http fetch GET 200 https://registry.npmjs.org/inherits/-/inherits-2.0.4.tgz 228ms (cache miss)
672 http fetch GET 200 https://registry.npmjs.org/graceful-fs/-/graceful-fs-4.2.11.tgz 231ms (cache miss)
673 timing reifyNode:node_modules/surge/node_modules/dunder-proto Completed in 274ms
674 http fetch GET 200 https://registry.npmjs.org/es-object-atoms/-/es-object-atoms-1.1.1.tgz 241ms (cache miss)
675 timing reifyNode:node_modules/surge/node_modules/inherits Completed in 280ms
676 http fetch GET 200 https://registry.npmjs.org/has-tostringtag/-/has-tostringtag-1.0.2.tgz 243ms (cache miss)
677 timing reifyNode:node_modules/surge/node_modules/es-object-atoms Completed in 282ms
678 http fetch GET 200 https://registry.npmjs.org/has-symbols/-/has-symbols-1.1.0.tgz 248ms (cache miss)
679 timing reifyNode:node_modules/surge/node_modules/has-tostringtag Completed in 286ms
680 timing reifyNode:node_modules/surge/node_modules/has-symbols Completed in 289ms
681 timing reifyNode:node_modules/surge/node_modules/graceful-fs Completed in 294ms
682 http fetch GET 200 https://registry.npmjs.org/through/-/through-2.3.8.tgz 257ms (cache miss)
683 http fetch GET 200 https://registry.npmjs.org/surge-fstream-ignore/-/surge-fstream-ignore-1.1.0.tgz 260ms (cache miss)
684 timing reifyNode:node_modules/surge/node_modules/surge-fstream-ignore Completed in 304ms
685 timing reifyNode:node_modules/surge/node_modules/through Completed in 306ms
686 http fetch GET 200 https://registry.npmjs.org/emoji-regex/-/emoji-regex-8.0.0.tgz 263ms (cache miss)
687 http fetch GET 200 https://registry.npmjs.org/is-fullwidth-code-point/-/is-fullwidth-code-point-3.0.0.tgz 264ms (cache miss)
688 http fetch GET 200 https://registry.npmjs.org/strip-ansi/-/strip-ansi-6.0.1.tgz 264ms (cache miss)
689 http fetch GET 200 https://registry.npmjs.org/ansi-regex/-/ansi-regex-5.0.1.tgz 265ms (cache miss)
690 timing reifyNode:node_modules/surge/node_modules/ansi-regex Completed in 312ms
691 timing reifyNode:node_modules/surge/node_modules/is-fullwidth-code-point Completed in 312ms
692 timing reifyNode:node_modules/surge/node_modules/strip-ansi Completed in 312ms
693 http fetch GET 200 https://registry.npmjs.org/call-bind-apply-helpers/-/call-bind-apply-helpers-1.0.2.tgz 277ms (cache miss)
694 http fetch GET 200 https://registry.npmjs.org/minimatch/-/minimatch-3.1.2.tgz 275ms (cache miss)
695 timing reifyNode:node_modules/surge/node_modules/glob/node_modules/minimatch Completed in 318ms
696 timing reifyNode:node_modules/surge/node_modules/call-bind-apply-helpers Completed in 323ms
697 http fetch GET 200 https://registry.npmjs.org/es-errors/-/es-errors-1.3.0.tgz 290ms (cache miss)
698 http fetch GET 200 https://registry.npmjs.org/follow-redirects/-/follow-redirects-1.15.9.tgz 284ms (cache miss)
699 http fetch GET 200 https://registry.npmjs.org/proxy-from-env/-/proxy-from-env-1.1.0.tgz 285ms (cache miss)
700 timing reifyNode:node_modules/surge/node_modules/follow-redirects Completed in 330ms
701 timing reifyNode:node_modules/surge/node_modules/es-errors Completed in 333ms
702 timing reifyNode:node_modules/surge/node_modules/proxy-from-env Completed in 337ms
703 http fetch GET 200 https://registry.npmjs.org/split/-/split-1.0.1.tgz 296ms (cache miss)
704 http fetch GET 200 https://registry.npmjs.org/form-data/-/form-data-4.0.4.tgz 296ms (cache miss)
705 timing reifyNode:node_modules/surge/node_modules/axios/node_modules/form-data Completed in 339ms
706 timing reifyNode:node_modules/surge/node_modules/split Completed in 349ms
707 http fetch GET 200 https://registry.npmjs.org/getpass/-/getpass-0.1.7.tgz 304ms (cache miss)
708 timing reifyNode:node_modules/surge/node_modules/emoji-regex Completed in 351ms
709 http fetch GET 200 https://registry.npmjs.org/json-schema/-/json-schema-0.4.0.tgz 307ms (cache miss)
710 http fetch GET 200 https://registry.npmjs.org/asn1/-/asn1-0.2.6.tgz 310ms (cache miss)
711 http fetch GET 200 https://registry.npmjs.org/ecc-jsbn/-/ecc-jsbn-0.1.2.tgz 316ms (cache miss)
712 http fetch GET 200 https://registry.npmjs.org/safer-buffer/-/safer-buffer-2.1.2.tgz 319ms (cache miss)
713 timing reifyNode:node_modules/surge/node_modules/getpass Completed in 363ms
714 timing reifyNode:node_modules/surge/node_modules/json-schema Completed in 365ms
715 timing reifyNode:node_modules/surge/node_modules/ecc-jsbn Completed in 368ms
716 timing reifyNode:node_modules/surge/node_modules/safer-buffer Completed in 369ms
717 http fetch GET 200 https://registry.npmjs.org/assert-plus/-/assert-plus-1.0.0.tgz 331ms (cache miss)
718 http fetch GET 200 https://registry.npmjs.org/extsprintf/-/extsprintf-1.3.0.tgz 330ms (cache miss)
719 http fetch GET 200 https://registry.npmjs.org/bcrypt-pbkdf/-/bcrypt-pbkdf-1.0.2.tgz 337ms (cache miss)
720 timing reifyNode:node_modules/surge/node_modules/assert-plus Completed in 384ms
721 http fetch GET 200 https://registry.npmjs.org/jsbn/-/jsbn-0.1.1.tgz 346ms (cache miss)
722 http fetch GET 200 https://registry.npmjs.org/dashdash/-/dashdash-1.14.1.tgz 349ms (cache miss)
723 timing reifyNode:node_modules/surge/node_modules/dashdash Completed in 393ms
724 timing reifyNode:node_modules/surge/node_modules/jsbn Completed in 397ms
725 timing reifyNode:node_modules/surge/node_modules/bcrypt-pbkdf Completed in 398ms
726 http fetch GET 200 https://registry.npmjs.org/jsprim/-/jsprim-1.4.2.tgz 355ms (cache miss)
727 timing reifyNode:node_modules/surge/node_modules/jsprim Completed in 403ms
728 http fetch GET 200 https://registry.npmjs.org/verror/-/verror-1.10.0.tgz 362ms (cache miss)
729 http fetch GET 200 https://registry.npmjs.org/tweetnacl/-/tweetnacl-0.14.5.tgz 370ms (cache miss)
730 http fetch GET 200 https://registry.npmjs.org/delayed-stream/-/delayed-stream-1.0.0.tgz 368ms (cache miss)
731 timing reifyNode:node_modules/surge/node_modules/verror Completed in 415ms
732 http fetch GET 200 https://registry.npmjs.org/uuid/-/uuid-3.4.0.tgz 368ms (cache miss)
733 http fetch GET 200 https://registry.npmjs.org/mime-db/-/mime-db-1.52.0.tgz 371ms (cache miss)
734 http fetch GET 200 https://registry.npmjs.org/psl/-/psl-1.15.0.tgz 379ms (cache miss)
735 timing reifyNode:node_modules/surge/node_modules/tweetnacl Completed in 418ms
736 timing reifyNode:node_modules/surge/node_modules/mime-db Completed in 422ms
737 timing reifyNode:node_modules/surge/node_modules/asn1 Completed in 422ms
738 timing reifyNode:node_modules/surge/node_modules/extsprintf Completed in 425ms
739 timing reifyNode:node_modules/surge/node_modules/psl Completed in 426ms
740 http fetch GET 200 https://registry.npmjs.org/tunnel-agent/-/tunnel-agent-0.6.0.tgz 377ms (cache miss)
741 http fetch GET 200 https://registry.npmjs.org/asynckit/-/asynckit-0.4.0.tgz 378ms (cache miss)
742 timing reifyNode:node_modules/surge/node_modules/tunnel-agent Completed in 428ms
743 http fetch GET 200 https://registry.npmjs.org/safe-buffer/-/safe-buffer-5.2.1.tgz 380ms (cache miss)
744 timing reifyNode:node_modules/surge/node_modules/delayed-stream Completed in 429ms
745 timing reifyNode:node_modules/surge/node_modules/safe-buffer Completed in 443ms
746 http fetch GET 200 https://registry.npmjs.org/is-typedarray/-/is-typedarray-1.0.0.tgz 400ms (cache miss)
747 http fetch GET 200 https://registry.npmjs.org/oauth-sign/-/oauth-sign-0.9.0.tgz 402ms (cache miss)
748 http fetch GET 200 https://registry.npmjs.org/json-stringify-safe/-/json-stringify-safe-5.0.1.tgz 406ms (cache miss)
749 timing reifyNode:node_modules/surge/node_modules/oauth-sign Completed in 459ms
750 http fetch GET 200 https://registry.npmjs.org/har-validator/-/har-validator-5.1.5.tgz 408ms (cache miss)
751 timing reifyNode:node_modules/surge/node_modules/is-typedarray Completed in 461ms
752 http fetch GET 200 https://registry.npmjs.org/json-schema-traverse/-/json-schema-traverse-0.4.1.tgz 414ms (cache miss)
753 http fetch GET 200 https://registry.npmjs.org/mime-types/-/mime-types-2.1.35.tgz 412ms (cache miss)
754 http fetch GET 200 https://registry.npmjs.org/fstream/-/fstream-1.0.12.tgz 424ms (cache miss)
755 warn deprecated fstream@1.0.12: This package is no longer supported.
756 timing reifyNode:node_modules/surge/node_modules/fstream Completed in 466ms
757 timing reifyNode:node_modules/surge/node_modules/json-schema-traverse Completed in 468ms
758 timing reifyNode:node_modules/surge/node_modules/math-intrinsics Completed in 475ms
759 timing reifyNode:node_modules/surge/node_modules/mime-types Completed in 474ms
760 http fetch GET 200 https://registry.npmjs.org/isstream/-/isstream-0.1.2.tgz 426ms (cache miss)
761 http fetch GET 200 https://registry.npmjs.org/tough-cookie/-/tough-cookie-2.5.0.tgz 428ms (cache miss)
762 http fetch GET 200 https://registry.npmjs.org/fast-deep-equal/-/fast-deep-equal-3.1.3.tgz 433ms (cache miss)
763 warn deprecated har-validator@5.1.5: this library is no longer supported
764 timing reifyNode:node_modules/surge/node_modules/har-validator Completed in 484ms
765 timing reifyNode:node_modules/surge/node_modules/isstream Completed in 485ms
766 timing reifyNode:node_modules/surge/node_modules/tough-cookie Completed in 485ms
767 http fetch GET 200 https://registry.npmjs.org/forever-agent/-/forever-agent-0.6.1.tgz 435ms (cache miss)
768 timing reifyNode:node_modules/surge/node_modules/forever-agent Completed in 488ms
769 timing reifyNode:node_modules/surge/node_modules/fast-deep-equal Completed in 491ms
770 http fetch GET 200 https://registry.npmjs.org/extend/-/extend-3.0.2.tgz 442ms (cache miss)
771 http fetch GET 200 https://registry.npmjs.org/aws4/-/aws4-1.13.2.tgz 443ms (cache miss)
772 http fetch GET 200 https://registry.npmjs.org/caseless/-/caseless-0.12.0.tgz 446ms (cache miss)
773 timing reifyNode:node_modules/surge/node_modules/aws4 Completed in 501ms
774 timing reifyNode:node_modules/surge/node_modules/caseless Completed in 503ms
775 http fetch GET 200 https://registry.npmjs.org/mute-stream/-/mute-stream-0.0.8.tgz 454ms (cache miss)
776 timing reifyNode:node_modules/surge/node_modules/mute-stream Completed in 507ms
777 http fetch GET 200 https://registry.npmjs.org/kleur/-/kleur-3.0.3.tgz 461ms (cache miss)
778 http fetch GET 200 https://registry.npmjs.org/url-parse-as-address/-/url-parse-as-address-1.0.0.tgz 466ms (cache miss)
779 http fetch GET 200 https://registry.npmjs.org/combined-stream/-/combined-stream-1.0.8.tgz 469ms (cache miss)
780 timing reifyNode:node_modules/surge/node_modules/json-stringify-safe Completed in 525ms
781 timing reifyNode:node_modules/surge/node_modules/kleur Completed in 525ms
782 http fetch GET 200 https://registry.npmjs.org/surge-ignore/-/surge-ignore-0.3.0.tgz 474ms (cache miss)
783 timing reifyNode:node_modules/surge/node_modules/url-parse-as-address Completed in 530ms
784 http fetch GET 200 https://registry.npmjs.org/fast-json-stable-stringify/-/fast-json-stable-stringify-2.1.0.tgz 484ms (cache miss)
785 http fetch GET 200 https://registry.npmjs.org/sisteransi/-/sisteransi-1.0.5.tgz 481ms (cache miss)
786 http fetch GET 200 https://registry.npmjs.org/surge-ignore/-/surge-ignore-0.2.0.tgz 482ms (cache miss)
787 http fetch GET 200 https://registry.npmjs.org/surge-stream/-/surge-stream-0.6.4.tgz 482ms (cache miss)
788 timing reifyNode:node_modules/surge/node_modules/surge-stream Completed in 536ms
789 timing reifyNode:node_modules/surge/node_modules/surge-stream/node_modules/surge-ignore Completed in 544ms
790 timing reifyNode:node_modules/surge/node_modules/combined-stream Completed in 548ms
791 timing reifyNode:node_modules/surge/node_modules/fast-json-stable-stringify Completed in 548ms
792 http fetch GET 200 https://registry.npmjs.org/progress/-/progress-2.0.3.tgz 496ms (cache miss)
793 http fetch GET 200 https://registry.npmjs.org/string-width/-/string-width-4.2.3.tgz 498ms (cache miss)
794 timing reifyNode:node_modules/surge/node_modules/sisteransi Completed in 552ms
795 http fetch GET 200 https://registry.npmjs.org/aws-sign2/-/aws-sign2-0.7.0.tgz 498ms (cache miss)
796 timing reifyNode:node_modules/surge/node_modules/aws-sign2 Completed in 552ms
797 timing reifyNode:node_modules/surge/node_modules/string-width Completed in 554ms
798 http fetch GET 200 https://registry.npmjs.org/form-data/-/form-data-2.3.3.tgz 502ms (cache miss)
799 http fetch GET 200 https://registry.npmjs.org/read/-/read-1.0.5.tgz 500ms (cache miss)
800 http fetch GET 200 https://registry.npmjs.org/surge-sdk/-/surge-sdk-0.6.4.tgz 502ms (cache miss)
801 timing reifyNode:node_modules/surge/node_modules/surge-sdk Completed in 557ms
802 timing reifyNode:node_modules/surge/node_modules/form-data Completed in 558ms
803 timing reifyNode:node_modules/surge/node_modules/surge-ignore Completed in 559ms
804 http fetch GET 200 https://registry.npmjs.org/moniker/-/moniker-0.1.2.tgz 505ms (cache miss)
805 timing reifyNode:node_modules/surge/node_modules/extend Completed in 562ms
806 http fetch GET 200 https://registry.npmjs.org/http-signature/-/http-signature-1.2.0.tgz 511ms (cache miss)
807 http fetch GET 200 https://registry.npmjs.org/is-domain/-/is-domain-0.0.1.tgz 509ms (cache miss)
808 http fetch GET 200 https://registry.npmjs.org/minimist/-/minimist-1.2.6.tgz 507ms (cache miss)
809 http fetch GET 200 https://registry.npmjs.org/netrc/-/netrc-0.1.4.tgz 509ms (cache miss)
810 timing reifyNode:node_modules/surge/node_modules/http-signature Completed in 567ms
811 http fetch GET 200 https://registry.npmjs.org/performance-now/-/performance-now-2.1.0.tgz 518ms (cache miss)
812 http fetch GET 200 https://registry.npmjs.org/human-readable-numbers/-/human-readable-numbers-0.9.5.tgz 512ms (cache miss)
813 http fetch GET 200 https://registry.npmjs.org/cli-table3/-/cli-table3-0.6.1.tgz 509ms (cache miss)
814 timing reifyNode:node_modules/surge/node_modules/performance-now Completed in 573ms
815 http fetch GET 200 https://registry.npmjs.org/har-schema/-/har-schema-2.0.0.tgz 528ms (cache miss)
816 timing reifyNode:node_modules/surge/node_modules/progress Completed in 576ms
817 timing reifyNode:node_modules/surge/node_modules/human-readable-numbers Completed in 577ms
818 warn deprecated uuid@3.4.0: Please upgrade  to version 7 or higher.  Older versions may use Math.random() in certain circumstances, which is known to be problematic.  See https://v8.dev/blog/math-random for details.
819 timing reifyNode:node_modules/surge/node_modules/uuid Completed in 579ms
820 timing reifyNode:node_modules/surge/node_modules/har-schema Completed in 580ms
821 timing reifyNode:node_modules/surge/node_modules/asynckit Completed in 581ms
822 http fetch GET 200 https://registry.npmjs.org/xbytes/-/xbytes-1.9.1.tgz 531ms (cache miss)
823 timing reifyNode:node_modules/surge/node_modules/is-domain Completed in 586ms
824 timing reifyNode:node_modules/surge/node_modules/xbytes Completed in 586ms
825 http fetch GET 200 https://registry.npmjs.org/qs/-/qs-6.5.3.tgz 541ms (cache miss)
826 timing reifyNode:node_modules/surge/node_modules/read Completed in 589ms
827 timing reifyNode:node_modules/surge/node_modules/moniker Completed in 590ms
828 timing reifyNode:node_modules/surge/node_modules/netrc Completed in 591ms
829 timing reifyNode:node_modules/surge/node_modules/qs Completed in 591ms
830 timing reifyNode:node_modules/surge/node_modules/cli-table3 Completed in 593ms
831 http fetch GET 200 https://registry.npmjs.org/babar/-/babar-0.2.3.tgz 538ms (cache miss)
832 timing reifyNode:node_modules/surge/node_modules/babar Completed in 599ms
833 http fetch GET 200 https://registry.npmjs.org/minimatch/-/minimatch-7.4.6.tgz 563ms (cache miss)
834 timing reifyNode:node_modules/surge/node_modules/minimatch Completed in 606ms
835 http fetch GET 200 https://registry.npmjs.org/sshpk/-/sshpk-1.18.0.tgz 569ms (cache miss)
836 timing reifyNode:node_modules/surge/node_modules/sshpk Completed in 616ms
837 http fetch GET 200 https://registry.npmjs.org/request/-/request-2.88.2.tgz 562ms (cache miss)
838 warn deprecated request@2.88.2: request has been deprecated, see https://github.com/request/request/issues/3142
839 timing reifyNode:node_modules/surge/node_modules/request Completed in 617ms
840 timing reifyNode:node_modules/surge/node_modules/minimist Completed in 619ms
841 http fetch GET 200 https://registry.npmjs.org/colors/-/colors-1.4.0.tgz 568ms (cache miss)
842 timing reifyNode:node_modules/surge/node_modules/colors Completed in 626ms
843 http fetch GET 200 https://registry.npmjs.org/surge/-/surge-0.24.6.tgz 604ms (cache miss)
844 timing reifyNode:node_modules/surge Completed in 642ms
845 http fetch GET 200 https://registry.npmjs.org/uri-js/-/uri-js-4.4.1.tgz 598ms (cache miss)
846 timing reifyNode:node_modules/surge/node_modules/uri-js Completed in 645ms
847 http fetch GET 200 https://registry.npmjs.org/tarr/-/tarr-1.1.0.tgz 620ms (cache miss)
848 timing reifyNode:node_modules/surge/node_modules/tarr Completed in 663ms
849 http fetch GET 200 https://registry.npmjs.org/prompts/-/prompts-2.4.2.tgz 619ms (cache miss)
850 timing reifyNode:node_modules/surge/node_modules/prompts Completed in 676ms
851 http fetch GET 200 https://registry.npmjs.org/ajv/-/ajv-6.12.6.tgz 653ms (cache miss)
852 timing reifyNode:node_modules/surge/node_modules/ajv Completed in 700ms
853 http fetch GET 200 https://registry.npmjs.org/axios/-/axios-1.7.3.tgz 676ms (cache miss)
854 timing reifyNode:node_modules/surge/node_modules/axios Completed in 720ms
855 timing reify:unpack Completed in 721ms
856 timing reify:unretire Completed in 0ms
857 timing build:queue Completed in 2ms
858 timing build:link:node_modules/surge/node_modules/mkdirp Completed in 8ms
859 timing build:link:node_modules/surge Completed in 8ms
860 timing build:link:node_modules/surge/node_modules/rimraf Completed in 8ms
861 timing build:link:node_modules/surge/node_modules/uuid Completed in 8ms
862 timing build:link:node_modules/surge/node_modules/sshpk Completed in 9ms
863 timing build:link Completed in 9ms
864 timing build:deps Completed in 12ms
865 timing build Completed in 13ms
866 timing reify:build Completed in 13ms
867 timing reify:trash Completed in 0ms
868 timing reify Completed in 3272ms
869 silly ADD node_modules/surge
870 silly ADD node_modules/surge/node_modules/concat-map
871 silly ADD node_modules/surge/node_modules/dunder-proto
872 silly ADD node_modules/surge/node_modules/math-intrinsics
873 silly ADD node_modules/surge/node_modules/has-symbols
874 silly ADD node_modules/surge/node_modules/gopd
875 silly ADD node_modules/surge/node_modules/get-proto
876 silly ADD node_modules/surge/node_modules/function-bind
877 silly ADD node_modules/surge/node_modules/es-object-atoms
878 silly ADD node_modules/surge/node_modules/es-define-property
879 silly ADD node_modules/surge/node_modules/call-bind-apply-helpers
880 silly ADD node_modules/surge/node_modules/has-tostringtag
881 silly ADD node_modules/surge/node_modules/get-intrinsic
882 silly ADD node_modules/surge/node_modules/es-errors
883 silly ADD node_modules/surge/node_modules/hasown
884 silly ADD node_modules/surge/node_modules/es-set-tostringtag
885 silly ADD node_modules/surge/node_modules/core-util-is
886 silly ADD node_modules/surge/node_modules/punycode
887 silly ADD node_modules/surge/node_modules/psl
888 silly ADD node_modules/surge/node_modules/block-stream
889 silly ADD node_modules/surge/node_modules/wrappy
890 silly ADD node_modules/surge/node_modules/path-is-absolute
891 silly ADD node_modules/surge/node_modules/once
892 silly ADD node_modules/surge/node_modules/inflight
893 silly ADD node_modules/surge/node_modules/fs.realpath
894 silly ADD node_modules/surge/node_modules/glob
895 silly ADD node_modules/surge/node_modules/glob/node_modules/brace-expansion
896 silly ADD node_modules/surge/node_modules/glob/node_modules/minimatch
897 silly ADD node_modules/surge/node_modules/balanced-match
898 silly ADD node_modules/surge/node_modules/brace-expansion
899 silly ADD node_modules/surge/node_modules/rimraf
900 silly ADD node_modules/surge/node_modules/mkdirp
901 silly ADD node_modules/surge/node_modules/graceful-fs
902 silly ADD node_modules/surge/node_modules/minimatch
903 silly ADD node_modules/surge/node_modules/inherits
904 silly ADD node_modules/surge/node_modules/fstream
905 silly ADD node_modules/surge/node_modules/through
906 silly ADD node_modules/surge/node_modules/tarr
907 silly ADD node_modules/surge/node_modules/surge-fstream-ignore
908 silly ADD node_modules/surge/node_modules/split
909 silly ADD node_modules/surge/node_modules/proxy-from-env
910 silly ADD node_modules/surge/node_modules/follow-redirects
911 silly ADD node_modules/surge/node_modules/axios
912 silly ADD node_modules/surge/node_modules/axios/node_modules/form-data
913 silly ADD node_modules/surge/node_modules/ansi-regex
914 silly ADD node_modules/surge/node_modules/strip-ansi
915 silly ADD node_modules/surge/node_modules/is-fullwidth-code-point
916 silly ADD node_modules/surge/node_modules/emoji-regex
917 silly ADD node_modules/surge/node_modules/tweetnacl
918 silly ADD node_modules/surge/node_modules/safer-buffer
919 silly ADD node_modules/surge/node_modules/jsbn
920 silly ADD node_modules/surge/node_modules/getpass
921 silly ADD node_modules/surge/node_modules/ecc-jsbn
922 silly ADD node_modules/surge/node_modules/dashdash
923 silly ADD node_modules/surge/node_modules/bcrypt-pbkdf
924 silly ADD node_modules/surge/node_modules/asn1
925 silly ADD node_modules/surge/node_modules/mime-db
926 silly ADD node_modules/surge/node_modules/verror
927 silly ADD node_modules/surge/node_modules/json-schema
928 silly ADD node_modules/surge/node_modules/extsprintf
929 silly ADD node_modules/surge/node_modules/sshpk
930 silly ADD node_modules/surge/node_modules/jsprim
931 silly ADD node_modules/surge/node_modules/assert-plus
932 silly ADD node_modules/surge/node_modules/uri-js
933 silly ADD node_modules/surge/node_modules/json-schema-traverse
934 silly ADD node_modules/surge/node_modules/fast-json-stable-stringify
935 silly ADD node_modules/surge/node_modules/fast-deep-equal
936 silly ADD node_modules/surge/node_modules/har-schema
937 silly ADD node_modules/surge/node_modules/ajv
938 silly ADD node_modules/surge/node_modules/asynckit
939 silly ADD node_modules/surge/node_modules/delayed-stream
940 silly ADD node_modules/surge/node_modules/uuid
941 silly ADD node_modules/surge/node_modules/tunnel-agent
942 silly ADD node_modules/surge/node_modules/tough-cookie
943 silly ADD node_modules/surge/node_modules/safe-buffer
944 silly ADD node_modules/surge/node_modules/qs
945 silly ADD node_modules/surge/node_modules/performance-now
946 silly ADD node_modules/surge/node_modules/oauth-sign
947 silly ADD node_modules/surge/node_modules/mime-types
948 silly ADD node_modules/surge/node_modules/json-stringify-safe
949 silly ADD node_modules/surge/node_modules/isstream
950 silly ADD node_modules/surge/node_modules/is-typedarray
951 silly ADD node_modules/surge/node_modules/http-signature
952 silly ADD node_modules/surge/node_modules/har-validator
953 silly ADD node_modules/surge/node_modules/form-data
954 silly ADD node_modules/surge/node_modules/forever-agent
955 silly ADD node_modules/surge/node_modules/extend
956 silly ADD node_modules/surge/node_modules/combined-stream
957 silly ADD node_modules/surge/node_modules/caseless
958 silly ADD node_modules/surge/node_modules/aws4
959 silly ADD node_modules/surge/node_modules/aws-sign2
960 silly ADD node_modules/surge/node_modules/mute-stream
961 silly ADD node_modules/surge/node_modules/sisteransi
962 silly ADD node_modules/surge/node_modules/kleur
963 silly ADD node_modules/surge/node_modules/string-width
964 silly ADD node_modules/surge/node_modules/xbytes
965 silly ADD node_modules/surge/node_modules/url-parse-as-address
966 silly ADD node_modules/surge/node_modules/surge-stream
967 silly ADD node_modules/surge/node_modules/surge-stream/node_modules/surge-ignore
968 silly ADD node_modules/surge/node_modules/surge-sdk
969 silly ADD node_modules/surge/node_modules/surge-ignore
970 silly ADD node_modules/surge/node_modules/request
971 silly ADD node_modules/surge/node_modules/read
972 silly ADD node_modules/surge/node_modules/prompts
973 silly ADD node_modules/surge/node_modules/progress
974 silly ADD node_modules/surge/node_modules/netrc
975 silly ADD node_modules/surge/node_modules/moniker
976 silly ADD node_modules/surge/node_modules/minimist
977 silly ADD node_modules/surge/node_modules/is-domain
978 silly ADD node_modules/surge/node_modules/human-readable-numbers
979 silly ADD node_modules/surge/node_modules/colors
980 silly ADD node_modules/surge/node_modules/cli-table3
981 silly ADD node_modules/surge/node_modules/babar
982 timing command:install Completed in 3278ms
983 notice
983 notice New [31mmajor[39m version of npm available! [31m10.4.0[39m -> [32m11.5.1[39m
983 notice Changelog: [36mhttps://github.com/npm/cli/releases/tag/v11.5.1[39m
983 notice Run [32mnpm install -g npm@11.5.1[39m to update!
983 notice
984 verbose exit 0
985 timing npm Completed in 3542ms
986 info ok
